// Jest Snapshot v1, https://goo.gl/fbAQLP

exports[`CriteriaSidebarItem should render 1`] = `
<div>
  <li
    aria-label="Add Page Views"
    class="align-items-center c-gap-3 criteria-sidebar-item-root d-flex mb-1 mx-4 p-2 text-4"
    data-testid="criteria-item-Page Views"
    role="menuitem"
    tabindex="-1"
  >
    <span
      class="sticker criteria-sidebar-item-sticker flex-shrink-0"
      style="--criteria-sticker-bg: var(--cadmin-indigo-l5); --criteria-sticker-color: var(--cadmin-indigo);"
    >
      <span
        class="sticker-overlay"
      >
        <svg
          class="lexicon-icon lexicon-icon-text"
          role="presentation"
        >
          <use
            href="#text"
          />
        </svg>
      </span>
    </span>
    <span
      class="autofit-col-expand"
    >
      Page Views
    </span>
    <svg
      aria-hidden="true"
      class="lexicon-icon lexicon-icon-plus criteria-sidebar-item-add flex-shrink-0 mr-2 text-secondary"
      role="presentation"
    >
      <use
        href="#plus"
      />
    </svg>
  </li>
</div>
`;
